Component: ARM Compiler 5.06 update 5 (build 528) Tool: armlink [4d35e2]

==============================================================================

Section Cross References

    main.o(i.main) refers to init.o(i.master_init) for master_init
    main.o(i.main) refers to mode_choose.o(i.mode_init) for mode_init
    main.o(i.main) refers to app_motor_usart.o(i.send_upload_data) for send_upload_data
    main.o(i.main) refers to delay.o(i.delay_ms) for delay_ms
    main.o(i.main) refers to app_motor_usart.o(i.Deal_data_real) for Deal_data_real
    main.o(i.main) refers to usart.o(i.hmi_command_poll) for hmi_command_poll
    main.o(i.main) refers to pc_command_parser.o(i.ros_command_poll) for ros_command_poll
    main.o(i.main) refers to app_motor_usart.o(.data) for g_recv_flag
    main.o(i.main) refers to main.o(.data) for loop_count
    init.o(i.master_init) refers to bsp.o(i.bsp_init) for bsp_init
    init.o(i.master_init) refers to delay.o(i.delay_init) for delay_init
    init.o(i.master_init) refers to usart.o(i.uart_init) for uart_init
    init.o(i.master_init) refers to printfa.o(i.__0printf) for __2printf
    init.o(i.master_init) refers to bsp_motor_usart.o(i.Motor_Usart_init) for Motor_Usart_init
    init.o(i.master_init) refers to usart3.o(i.uart3_init) for uart3_init
    init.o(i.master_init) refers to bsp_timer.o(i.TIM3_Init) for TIM3_Init
    init.o(i.master_init) refers to gpio_control.o(i.LED_Init) for LED_Init
    init.o(i.master_init) refers to gpio_control.o(i.Buzzer_Init) for Buzzer_Init
    init.o(i.master_init) refers to gpio_control.o(i.Laser_Init) for Laser_Init
    init.o(i.master_init) refers to servo_sg90.o(i.Servo_Init) for Servo_Init
    init.o(i.master_init) refers to app_motor_usart.o(i.Contrl_Pwm) for Contrl_Pwm
    init.o(i.master_init) refers to delay.o(i.delay_ms) for delay_ms
    init.o(i.master_init) refers to app_motor_usart.o(i.send_upload_data) for send_upload_data
    init.o(i.master_init) refers to app_motor_usart.o(i.send_motor_type) for send_motor_type
    init.o(i.master_init) refers to app_motor_usart.o(i.send_pulse_phase) for send_pulse_phase
    init.o(i.master_init) refers to app_motor_usart.o(i.send_pulse_line) for send_pulse_line
    init.o(i.master_init) refers to app_motor_usart.o(i.send_wheel_diameter) for send_wheel_diameter
    init.o(i.master_init) refers to app_motor_usart.o(i.send_motor_deadzone) for send_motor_deadzone
    mode_choose.o(i.get_control_mode) refers to mode_choose.o(.data) for current_mode
    mode_choose.o(i.mode_init) refers to mode_choose.o(.data) for current_mode
    mode_choose.o(i.set_control_mode) refers to motor_control.o(i.motor_stop) for motor_stop
    mode_choose.o(i.set_control_mode) refers to printfa.o(i.__0printf) for __2printf
    mode_choose.o(i.set_control_mode) refers to mode_choose.o(.data) for current_mode
    motor_control.o(i.calculate_current_turn_angle) refers to motor_control.o(i.get_encoder_delta) for get_encoder_delta
    motor_control.o(i.calculate_current_turn_angle) refers to fflti.o(.text) for __aeabi_i2f
    motor_control.o(i.calculate_current_turn_angle) refers to fdiv.o(.text) for __aeabi_fdiv
    motor_control.o(i.calculate_current_turn_angle) refers to fmul.o(.text) for __aeabi_fmul
    motor_control.o(i.calculate_current_turn_angle) refers to fadd.o(.text) for __aeabi_fsub
    motor_control.o(i.calculate_current_turn_angle) refers to motor_control.o(.bss) for turn_start_encoder
    motor_control.o(i.calculate_current_turn_angle) refers to app_motor_usart.o(.bss) for Encoder_Now
    motor_control.o(i.calculate_turn_pid) refers to fadd.o(.text) for __aeabi_fsub
    motor_control.o(i.calculate_turn_pid) refers to cfrcmple.o(.text) for __aeabi_cfrcmple
    motor_control.o(i.calculate_turn_pid) refers to fmul.o(.text) for __aeabi_fmul
    motor_control.o(i.calculate_turn_pid) refers to motor_control.o(.data) for turn_pid
    motor_control.o(i.motor_backward) refers to app_motor_usart.o(i.Contrl_Speed) for Contrl_Speed
    motor_control.o(i.motor_cancel_turn) refers to motor_control.o(i.motor_stop) for motor_stop
    motor_control.o(i.motor_cancel_turn) refers to motor_control.o(i.reset_turn_pid) for reset_turn_pid
    motor_control.o(i.motor_cancel_turn) refers to printfa.o(i.__0printf) for __2printf
    motor_control.o(i.motor_cancel_turn) refers to motor_control.o(.data) for current_turn_state
    motor_control.o(i.motor_forward) refers to app_motor_usart.o(i.Contrl_Speed) for Contrl_Speed
    motor_control.o(i.motor_get_turn_state) refers to motor_control.o(.data) for current_turn_state
    motor_control.o(i.motor_set_turn_pid_params) refers to f2d.o(.text) for __aeabi_f2d
    motor_control.o(i.motor_set_turn_pid_params) refers to printfa.o(i.__0printf) for __2printf
    motor_control.o(i.motor_set_turn_pid_params) refers to motor_control.o(.data) for turn_pid
[...]
    ../clib/microlib/printf/printf.c         0x00000000   Number         0  printf4.o ABSOLUTE
    ../clib/microlib/printf/printf.c         0x00000000   Number         0  printf1.o ABSOLUTE
    ../clib/microlib/printf/printf.c         0x00000000   Number         0  printf2.o ABSOLUTE
    ../clib/microlib/printf/printf.c         0x00000000   Number         0  printfa.o ABSOLUTE
    ../clib/microlib/printf/printf.c         0x00000000   Number         0  printf3.o ABSOLUTE
    ../clib/microlib/printf/printf.c         0x00000000   Number         0  printf8.o ABSOLUTE
    ../clib/microlib/printf/printf.c         0x00000000   Number         0  printf7.o ABSOLUTE
    ../clib/microlib/printf/printf.c         0x00000000   Number         0  printfb.o ABSOLUTE
    ../clib/microlib/printf/stubs.s          0x00000000   Number         0  stubs.o ABSOLUTE
    ../clib/microlib/string/memcpy.c         0x00000000   Number         0  memcpya.o ABSOLUTE
    ../clib/microlib/string/memcpy.c         0x00000000   Number         0  memcpyb.o ABSOLUTE
    ../clib/microlib/string/memset.c         0x00000000   Number         0  memseta.o ABSOLUTE
    ../clib/microlib/string/strcmp.c         0x00000000   Number         0  strcmp.o ABSOLUTE
    ../clib/microlib/string/strcpy.c         0x00000000   Number         0  strcpy.o ABSOLUTE
    ../clib/microlib/string/strlen.c         0x00000000   Number         0  strlen.o ABSOLUTE
    ../clib/microlib/string/strncmp.c        0x00000000   Number         0  strncmp.o ABSOLUTE
    ../clib/microlib/string/strtok.c         0x00000000   Number         0  strtok.o ABSOLUTE
    ../clib/microlib/string/strtok.c         0x00000000   Number         0  strtok_r.o ABSOLUTE
    ../clib/microlib/stubs.s                 0x00000000   Number         0  iusefp.o ABSOLUTE
    ../clib/microlib/stubs.s                 0x00000000   Number         0  useno.o ABSOLUTE
    ../clib/scanf.c                          0x00000000   Number         0  scanf_char.o ABSOLUTE
    ../clib/scanf.c                          0x00000000   Number         0  strtol.o ABSOLUTE
    ../clib/scanf.c                          0x00000000   Number         0  strtod.o ABSOLUTE
    ../clib/scanf.c                          0x00000000   Number         0  _sgetc.o ABSOLUTE
    ../clib/scanf.c                          0x00000000   Number         0  _chval.o ABSOLUTE
    ../clib/scanf.c                          0x00000000   Number         0  _strtoul.o ABSOLUTE
    ../clib/scanf.c                          0x00000000   Number         0  _scanf.o ABSOLUTE
    ../clib/scanf.c                          0x00000000   Number         0  atoi.o ABSOLUTE
    ../clib/scanf.c                          0x00000000   Number         0  __0sscanf.o ABSOLUTE
    ../clib/scanf.c                          0x00000000   Number         0  _scanf_int.o ABSOLUTE
    ../clib/scanf.c                          0x00000000   Number         0  scanf_fp.o ABSOLUTE
    ../fplib/microlib/d2f.c                  0x00000000   Number         0  d2f.o ABSOLUTE
    ../fplib/microlib/f2d.c                  0x00000000   Number         0  f2d.o ABSOLUTE
    ../fplib/microlib/fpadd.c                0x00000000   Number         0  dadd.o ABSOLUTE
    ../fplib/microlib/fpadd.c                0x00000000   Number         0  fadd.o ABSOLUTE
    ../fplib/microlib/fpdiv.c                0x00000000   Number         0  fdiv.o ABSOLUTE
    ../fplib/microlib/fpdiv.c                0x00000000   Number         0  ddiv.o ABSOLUTE
    ../fplib/microlib/fpepilogue.c           0x00000000   Number         0  fepilogue.o ABSOLUTE
    ../fplib/microlib/fpepilogue.c           0x00000000   Number         0  depilogue.o ABSOLUTE
    ../fplib/microlib/fpfix.c                0x00000000   Number         0  ffixi.o ABSOLUTE
    ../fplib/microlib/fpfix.c                0x00000000   Number         0  dfixul.o ABSOLUTE
    ../fplib/microlib/fpfix.c                0x00000000   Number         0  dfixi.o ABSOLUTE
    ../fplib/microlib/fpfix.c                0x00000000   Number         0  dfixui.o ABSOLUTE
    ../fplib/microlib/fpflt.c                0x00000000   Number         0  fflti.o ABSOLUTE
    ../fplib/microlib/fpflt.c                0x00000000   Number         0  dflti.o ABSOLUTE
    ../fplib/microlib/fpflt.c                0x00000000   Number         0  dfltui.o ABSOLUTE
    ../fplib/microlib/fpflt.c                0x00000000   Number         0  dfltul.o ABSOLUTE
    ../fplib/microlib/fpmul.c                0x00000000   Number         0  fmul.o ABSOLUTE
    ../fplib/microlib/fpmul.c                0x00000000   Number         0  dmul.o ABSOLUTE
    ../mathlib/atof.c                        0x00000000   Number         0  atof.o ABSOLUTE
    ..\BSP\Delay\delay.c                     0x00000000   Number         0  delay.o ABSOLUTE
    ..\BSP\Timer\bsp_timer.c                 0x00000000   Number         0  bsp_timer.o ABSOLUTE
    ..\BSP\Usart1\usart.c                    0x00000000   Number         0  usart.o ABSOLUTE
    ..\BSP\Usart1\usart3.c                   0x00000000   Number         0  usart3.o ABSOLUTE
    ..\BSP\bsp.c                             0x00000000   Number         0  bsp.o ABSOLUTE
    ..\BSP\debug_tools.c                     0x00000000   Number         0  debug_tools.o ABSOLUTE
    ..\BSP\gpio_control.c                    0x00000000   Number         0  gpio_control.o ABSOLUTE
    ..\BSP\motor_model\app_motor_usart.c     0x00000000   Number         0  app_motor_usart.o ABSOLUTE
    ..\BSP\motor_model\bsp_motor_usart.c     0x00000000   Number         0  bsp_motor_usart.o ABSOLUTE
    ..\BSP\motor_model\pid_config.c          0x00000000   Number         0  pid_config.o ABSOLUTE
    ..\BSP\pc_command_parser.c               0x00000000   Number         0  pc_command_parser.o ABSOLUTE
    ..\BSP\servo_sg90.c                      0x00000000   Number         0  servo_sg90.o ABSOLUTE
    ..\CMSIS\core_cm3.c                      0x00000000   Number         0  core_cm3.o ABSOLUTE
    ..\CMSIS\startup_stm32f10x_hd.s          0x00000000   Number         0  startup_stm32f10x_hd.o ABSOLUTE
    ..\CMSIS\system_stm32f10x.c              0x00000000   Number         0  system_stm32f10x.o ABSOLUTE
    ..\FWLib\src\misc.c                      0x00000000   Number         0  misc.o ABSOLUTE
    ..\FWLib\src\stm32f10x_adc.c             0x00000000   Number         0  stm32f10x_adc.o ABSOLUTE
    ..\FWLib\src\stm32f10x_bkp.c             0x00000000   Number         0  stm32f10x_bkp.o ABSOLUTE
    ..\FWLib\src\stm32f10x_can.c             0x00000000   Number         0  stm32f10x_can.o ABSOLUTE
    ..\FWLib\src\stm32f10x_cec.c             0x00000000   Number         0  stm32f10x_cec.o ABSOLUTE
    ..\FWLib\src\stm32f10x_crc.c             0x00000000   Number         0  stm32f10x_crc.o ABSOLUTE
    ..\FWLib\src\stm32f10x_dac.c             0x00000000   Number         0  stm32f10x_dac.o ABSOLUTE
    ..\FWLib\src\stm32f10x_dbgmcu.c          0x00000000   Number         0  stm32f10x_dbgmcu.o ABSOLUTE
    ..\FWLib\src\stm32f10x_dma.c             0x00000000   Number         0  stm32f10x_dma.o ABSOLUTE
    ..\FWLib\src\stm32f10x_exti.c            0x00000000   Number         0  stm32f10x_exti.o ABSOLUTE
    ..\FWLib\src\stm32f10x_flash.c           0x00000000   Number         0  stm32f10x_flash.o ABSOLUTE
    ..\FWLib\src\stm32f10x_fsmc.c            0x00000000   Number         0  stm32f10x_fsmc.o ABSOLUTE
    ..\FWLib\src\stm32f10x_gpio.c            0x00000000   Number         0  stm32f10x_gpio.o ABSOLUTE
    ..\FWLib\src\stm32f10x_i2c.c             0x00000000   Number         0  stm32f10x_i2c.o ABSOLUTE
    ..\FWLib\src\stm32f10x_iwdg.c            0x00000000   Number         0  stm32f10x_iwdg.o ABSOLUTE
    ..\FWLib\src\stm32f10x_pwr.c             0x00000000   Number         0  stm32f10x_pwr.o ABSOLUTE
    ..\FWLib\src\stm32f10x_rcc.c             0x00000000   Number         0  stm32f10x_rcc.o ABSOLUTE
    ..\FWLib\src\stm32f10x_rtc.c             0x00000000   Number         0  stm32f10x_rtc.o ABSOLUTE
    ..\FWLib\src\stm32f10x_sdio.c            0x00000000   Number         0  stm32f10x_sdio.o ABSOLUTE
    ..\FWLib\src\stm32f10x_spi.c             0x00000000   Number         0  stm32f10x_spi.o ABSOLUTE
    ..\FWLib\src\stm32f10x_tim.c             0x00000000   Number         0  stm32f10x_tim.o ABSOLUTE
    ..\FWLib\src\stm32f10x_usart.c           0x00000000   Number         0  stm32f10x_usart.o ABSOLUTE
    ..\FWLib\src\stm32f10x_wwdg.c            0x00000000   Number         0  stm32f10x_wwdg.o ABSOLUTE
    ..\\CMSIS\\core_cm3.c                    0x00000000   Number         0  core_cm3.o ABSOLUTE
    cdcmple.s                                0x00000000   Number         0  cdcmple.o ABSOLUTE
    cdrcmple.s                               0x00000000   Number         0  cdrcmple.o ABSOLUTE
    cfcmple.s                                0x00000000   Number         0  cfcmple.o ABSOLUTE
    cfrcmple.s                               0x00000000   Number         0  cfrcmple.o ABSOLUTE
    dc.s                                     0x00000000   Number         0  dc.o ABSOLUTE
    handlers.s                               0x00000000   Number         0  handlers.o ABSOLUTE
    init.c                                   0x00000000   Number         0  init.o ABSOLUTE
    init.s                                   0x00000000   Number         0  init.o ABSOLUTE
    main.c                                   0x00000000   Number         0  main.o ABSOLUTE
    mode_choose.c                            0x00000000   Number         0  mode_choose.o ABSOLUTE
    motor_control.c                          0x00000000   Number         0  motor_control.o ABSOLUTE
    navigation.c                             0x00000000   Number         0  navigation.o ABSOLUTE
    stm32f10x_it.c                           0x00000000   Number         0  stm32f10x_it.o ABSOLUTE
    RESET                                    0x08000000   Section      304  startup_stm32f10x_hd.o(RESET)
    .ARM.Collect$$$$00000000                 0x08000130   Section        0  entry.o(.ARM.Collect$$$$00000000)
    .ARM.Collect$$$$00000001                 0x08000130   Section        4  entry2.o(.ARM.Collect$$$$00000001)
    .ARM.Collect$$$$00000004                 0x08000134   Section        4  entry5.o(.ARM.Collect$$$$00000004)
    .ARM.Collect$$$$00000008                 0x08000138   Section        0  entry7b.o(.ARM.Collect$$$$00000008)
    .ARM.Collect$$$$0000000A                 0x08000138   Section        0  entry8b.o(.ARM.Collect$$$$0000000A)
    .ARM.Collect$$$$0000000B                 0x08000138   Section        8  entry9a.o(.ARM.Collect$$$$0000000B)
    .ARM.Collect$$$$0000000D                 0x08000140   Section        0  entry10a.o(.ARM.Collect$$$$0000000D)
    .ARM.Collect$$$$0000000F                 0x08000140   Section        0  entry11a.o(.ARM.Collect$$$$0000000F)
    .ARM.Collect$$$$00002712                 0x08000140   Section        4  entry2.o(.ARM.Collect$$$$00002712)
    __lit__00000000                          0x08000140   Data           4  entry2.o(.ARM.Collect$$$$00002712)
    .text                                    0x08000144   Section       36  startup_stm32f10x_hd.o(.text)
    .text                                    0x08000168   Section        0  memcpya.o(.text)
    .text                                    0x0800018c   Section        0  memseta.o(.text)
    .text                                    0x080001b0   Section        0  strlen.o(.text)
    .text                                    0x080001be   Section        0  strcmp.o(.text)
    .text                                    0x080001da   Section        0  strcpy.o(.text)
    .text                                    0x080001ec   Section        0  strncmp.o(.text)
    .text                                    0x0800020c   Section        0  strtok.o(.text)
    .text                                    0x08000250   Section        0  __0sscanf.o(.text)
    .text                                    0x08000288   Section        0  _scanf_int.o(.text)
    .text                                    0x080003d4   Section        0  scanf_fp.o(.text)
    _fp_value                                0x080003d5   Thumb Code   296  scanf_fp.o(.text)
    .text                                    0x08000734   Section        0  atoi.o(.text)
    .text                                    0x0800074e   Section        0  dadd.o(.text)
    .text                                    0x0800089c   Section        0  dmul.o(.text)
    .text                                    0x08000980   Section        0  ddiv.o(.text)
    .text                                    0x08000a5e   Section        0  dflti.o(.text)
    .text                                    0x08000a80   Section        0  dfltui.o(.text)
    .text                                    0x08000a9a   Section        0  dfixi.o(.text)
    .text                                    0x08000ad8   Section        0  dfixui.o(.text)
    .text                                    0x08000b0a   Section        0  f2d.o(.text)
    .text                                    0x08000b30   Section        0  d2f.o(.text)
    .text                                    0x08000b68   Section        0  uidiv.o(.text)
    .text                                    0x08000b94   Section        0  uldiv.o(.text)
    .text                                    0x08000bf6   Section        0  llshl.o(.text)
    .text                                    0x08000c14   Section        0  llushr.o(.text)
    .text                                    0x08000c34   Section        0  llsshr.o(.text)
    .text                                    0x08000c58   Section        0  _chval.o(.text)
    .text                                    0x08000c74   Section        0  scanf_char.o(.text)
    _scanf_char_input                        0x08000c75   Thumb Code    12  scanf_char.o(.text)
    .text                                    0x08000c9c   Section        0  _sgetc.o(.text)
    .text                                    0x08000cdc   Section        0  strtod.o(.text)
    _local_sscanf                            0x08000cdd   Thumb Code    54  strtod.o(.text)
    .text                                    0x08000d78   Section        0  strtol.o(.text)
    .text                                    0x08000de8   Section        0  iusefp.o(.text)
    .text                                    0x08000de8   Section        0  fepilogue.o(.text)
    .text                                    0x08000e56   Section        0  depilogue.o(.text)
    .text                                    0x08000f10   Section        0  dfltul.o(.text)
    .text                                    0x08000f28   Section        0  dfixul.o(.text)
    .text                                    0x08000f58   Section       48  cdrcmple.o(.text)
    .text                                    0x08000f88   Section       36  init.o(.text)
    .text                                    0x08000fac   Section        0  ctype_o.o(.text)
    .text                                    0x08000fb4   Section        0  isspace_o.o(.text)
    .text                                    0x08000fc8   Section        0  _scanf.o(.text)
    .text                                    0x080012f4   Section        0  _strtoul.o(.text)
    i.BusFault_Handler                       0x08001392   Section        0  stm32f10x_it.o(i.BusFault_Handler)
    i.Buzzer_Init                            0x08001398   Section        0  gpio_control.o(i.Buzzer_Init)
    i.Contrl_Pwm                             0x080013ec   Section        0  app_motor_usart.o(i.Contrl_Pwm)
    i.Contrl_Speed                           0x08001438   Section        0  app_motor_usart.o(i.Contrl_Speed)
    i.Control_Buzzer                         0x08001484   Section        0  gpio_control.o(i.Control_Buzzer)
    i.Control_LED                            0x080014a4   Section        0  gpio_control.o(i.Control_LED)
    i.Control_Laser                          0x080014c4   Section        0  gpio_control.o(i.Control_Laser)
    i.DIY_NVIC_PriorityGroupConfig           0x080014e4   Section        0  bsp.o(i.DIY_NVIC_PriorityGroupConfig)
    i.Deal_Control_Rxtemp                    0x0800150c   Section        0  app_motor_usart.o(i.Deal_Control_Rxtemp)
    i.Deal_data_real                         0x08001598   Section        0  app_motor_usart.o(i.Deal_data_real)
    i.DebugMon_Handler                       0x08001748   Section        0  stm32f10x_it.o(i.DebugMon_Handler)
    i.GPIO_Init                              0x0800174a   Section        0  stm32f10x_gpio.o(i.GPIO_Init)
    i.GPIO_ResetBits                         0x08001860   Section        0  stm32f10x_gpio.o(i.GPIO_ResetBits)
    i.GPIO_SetBits                           0x08001864   Section        0  stm32f10x_gpio.o(i.GPIO_SetBits)
    i.HardFault_Handler                      0x08001868   Section        0  stm32f10x_it.o(i.HardFault_Handler)
    i.LED_Init                               0x0800186c   Section        0  gpio_control.o(i.LED_Init)
    i.Laser_Init                             0x080018a0   Section        0  gpio_control.o(i.Laser_Init)
    i.MemManage_Handler                      0x080018d4   Section        0  stm32f10x_it.o(i.MemManage_Handler)
    i.Motor_Usart_init                       0x080018d8   Section        0  bsp_motor_usart.o(i.Motor_Usart_init)
    i.NMI_Handler                            0x08001980   Section        0  stm32f10x_it.o(i.NMI_Handler)
    i.NVIC_Init                              0x08001984   Section        0  misc.o(i.NVIC_Init)
    i.PendSV_Handler                         0x080019f4   Section        0  stm32f10x_it.o(i.PendSV_Handler)
    i.RCC_APB1PeriphClockCmd                 0x080019f8   Section        0  stm32f10x_rcc.o(i.RCC_APB1PeriphClockCmd)
    i.RCC_APB2PeriphClockCmd                 0x08001a18   Section        0  stm32f10x_rcc.o(i.RCC_APB2PeriphClockCmd)
    i.RCC_GetClocksFreq                      0x08001a38   Section        0  stm32f10x_rcc.o(i.RCC_GetClocksFreq)
    i.SVC_Handler                            0x08001b0c   Section        0  stm32f10x_it.o(i.SVC_Handler)
    i.Send_Motor_ArrayU8                     0x08001b0e   Section        0  bsp_motor_usart.o(i.Send_Motor_ArrayU8)
    i.Send_Motor_U8                          0x08001b2c   Section        0  bsp_motor_usart.o(i.Send_Motor_U8)
    i.Servo_Init                             0x08001b4c   Section        0  servo_sg90.o(i.Servo_Init)
    i.Servo_Set_Angle                        0x08001bec   Section        0  servo_sg90.o(i.Servo_Set_Angle)
    i.SetSysClock                            0x08001c48   Section        0  system_stm32f10x.o(i.SetSysClock)
    SetSysClock                              0x08001c49   Thumb Code     8  system_stm32f10x.o(i.SetSysClock)
    i.SetSysClockTo72                        0x08001c50   Section        0  system_stm32f10x.o(i.SetSysClockTo72)
    SetSysClockTo72                          0x08001c51   Thumb Code   214  system_stm32f10x.o(i.SetSysClockTo72)
    i.SysTick_CLKSourceConfig                0x08001d30   Section        0  misc.o(i.SysTick_CLKSourceConfig)
    i.SysTick_Handler                        0x08001d58   Section        0  stm32f10x_it.o(i.SysTick_Handler)
    i.SystemInit                             0x08001d5c   Section        0  system_stm32f10x.o(i.SystemInit)
    i.TIM3_IRQHandler                        0x08001dbc   Section        0  bsp_timer.o(i.TIM3_IRQHandler)
    i.TIM3_Init                              0x08001e08   Section        0  bsp_timer.o(i.TIM3_Init)
    i.TIM_ClearFlag                          0x08001e68   Section        0  stm32f10x_tim.o(i.TIM_ClearFlag)
    i.TIM_ClearITPendingBit                  0x08001e6e   Section        0  stm32f10x_tim.o(i.TIM_ClearITPendingBit)
    i.TIM_Cmd                                0x08001e74   Section        0  stm32f10x_tim.o(i.TIM_Cmd)
    i.TIM_GetITStatus                        0x08001e8c   Section        0  stm32f10x_tim.o(i.TIM_GetITStatus)
    i.TIM_ITConfig                           0x08001eae   Section        0  stm32f10x_tim.o(i.TIM_ITConfig)
    i.TIM_OC3Init                            0x08001ec0   Section        0  stm32f10x_tim.o(i.TIM_OC3Init)
    i.TIM_OC3PreloadConfig                   0x08001f60   Section        0  stm32f10x_tim.o(i.TIM_OC3PreloadConfig)
    i.TIM_OC4Init                            0x08001f74   Section        0  stm32f10x_tim.o(i.TIM_OC4Init)
    i.TIM_OC4PreloadConfig                   0x08001ff0   Section        0  stm32f10x_tim.o(i.TIM_OC4PreloadConfig)
    i.TIM_SetCompare3                        0x0800200a   Section        0  stm32f10x_tim.o(i.TIM_SetCompare3)
    i.TIM_SetCompare4                        0x0800200e   Section        0  stm32f10x_tim.o(i.TIM_SetCompare4)
    i.TIM_TimeBaseInit                       0x08002014   Section        0  stm32f10x_tim.o(i.TIM_TimeBaseInit)
    i.USART1_IRQHandler                      0x080020b8   Section        0  usart.o(i.USART1_IRQHandler)
    i.USART2_IRQHandler                      0x0800213c   Section        0  bsp_motor_usart.o(i.USART2_IRQHandler)
    i.USART3_IRQHandler                      0x08002164   Section        0  usart3.o(i.USART3_IRQHandler)
    i.USART3_Rx_Callback                     0x080021f0   Section        0  pc_command_parser.o(i.USART3_Rx_Callback)
    i.USART_ClearITPendingBit                0x08002214   Section        0  stm32f10x_usart.o(i.USART_ClearITPendingBit)
    i.USART_Cmd                              0x08002232   Section        0  stm32f10x_usart.o(i.USART_Cmd)
    i.USART_GetFlagStatus                    0x0800224a   Section        0  stm32f10x_usart.o(i.USART_GetFlagStatus)
    i.USART_GetITStatus                      0x08002264   Section        0  stm32f10x_usart.o(i.USART_GetITStatus)
    i.USART_ITConfig                         0x080022b8   Section        0  stm32f10x_usart.o(i.USART_ITConfig)
    i.USART_Init                             0x08002304   Section        0  stm32f10x_usart.o(i.USART_Init)
    i.USART_ReceiveData                      0x080023dc   Section        0  stm32f10x_usart.o(i.USART_ReceiveData)
    i.USART_SendData                         0x080023e6   Section        0  stm32f10x_usart.o(i.USART_SendData)
    i.UsageFault_Handler                     0x080023ee   Section        0  stm32f10x_it.o(i.UsageFault_Handler)
    i.__0printf                              0x080023f4   Section        0  printfa.o(i.__0printf)
    i.__0sprintf                             0x08002414   Section        0  printfa.o(i.__0sprintf)
    i.__aeabi_errno_addr                     0x0800243c   Section        0  errno.o(i.__aeabi_errno_addr)
    i.__read_errno                           0x08002444   Section        0  errno.o(i.__read_errno)
    i.__scatterload_copy                     0x08002450   Section       14  handlers.o(i.__scatterload_copy)
    i.__scatterload_null                     0x0800245e   Section        2  handlers.o(i.__scatterload_null)
    i.__scatterload_zeroinit                 0x08002460   Section       14  handlers.o(i.__scatterload_zeroinit)
    i.__set_errno                            0x08002470   Section        0  errno.o(i.__set_errno)
    i._fp_digits                             0x0800247c   Section        0  printfa.o(i._fp_digits)
    _fp_digits                               0x0800247d   Thumb Code   366  printfa.o(i._fp_digits)
    i._is_digit                              0x08002600   Section        0  scanf_fp.o(i._is_digit)
    i._printf_core                           0x08002610   Section        0  printfa.o(i._printf_core)
    _printf_core                             0x08002611   Thumb Code  1744  printfa.o(i._printf_core)
    i._printf_post_padding                   0x08002cec   Section        0  printfa.o(i._printf_post_padding)
    _printf_post_padding                     0x08002ced   Thumb Code    36  printfa.o(i._printf_post_padding)
    i._printf_pre_padding                    0x08002d10   Section        0  printfa.o(i._printf_pre_padding)
    _printf_pre_padding                      0x08002d11   Thumb Code    46  printfa.o(i._printf_pre_padding)
    i._sputc                                 0x08002d3e   Section        0  printfa.o(i._sputc)
    _sputc                                   0x08002d3f   Thumb Code    10  printfa.o(i._sputc)
    i.atof                                   0x08002d48   Section        0  atof.o(i.atof)
    i.bsp_init                               0x08002d72   Section        0  bsp.o(i.bsp_init)
    i.delay_init                             0x08002d88   Section        0  delay.o(i.delay_init)
    i.delay_ms                               0x08002dd4   Section        0  delay.o(i.delay_ms)
    i.fputc                                  0x08002e10   Section        0  usart.o(i.fputc)
    i.get_control_mode                       0x08002e2c   Section        0  mode_choose.o(i.get_control_mode)
    i.hmi_command_poll                       0x08002e38   Section        0  usart.o(i.hmi_command_poll)
    i.main                                   0x0800307c   Section        0  main.o(i.main)
    i.master_init                            0x080030d4   Section        0  init.o(i.master_init)
    i.mode_init                              0x080032fc   Section        0  mode_choose.o(i.mode_init)
    i.motor_backward                         0x08003308   Section        0  motor_control.o(i.motor_backward)
    i.motor_cancel_turn                      0x08003324   Section        0  motor_control.o(i.motor_cancel_turn)
    i.motor_forward                          0x08003368   Section        0  motor_control.o(i.motor_forward)
    i.motor_set_turn_pid_params              0x0800337c   Section        0  motor_control.o(i.motor_set_turn_pid_params)
    i.motor_stop                             0x0800340c   Section        0  motor_control.o(i.motor_stop)
    i.motor_turn_left                        0x0800341c   Section        0  motor_control.o(i.motor_turn_left)
    i.motor_turn_left_90_precise             0x08003434   Section        0  motor_control.o(i.motor_turn_left_90_precise)
    i.motor_turn_right                       0x08003490   Section        0  motor_control.o(i.motor_turn_right)
    i.motor_turn_right_90_precise            0x080034a8   Section        0  motor_control.o(i.motor_turn_right_90_precise)
    i.reset_turn_pid                         0x08003504   Section        0  motor_control.o(i.reset_turn_pid)
    reset_turn_pid                           0x08003505   Thumb Code    14  motor_control.o(i.reset_turn_pid)
    i.ros_command_poll                       0x08003518   Section        0  pc_command_parser.o(i.ros_command_poll)
    i.send_motor_deadzone                    0x08003650   Section        0  app_motor_usart.o(i.send_motor_deadzone)
    i.send_motor_type                        0x08003684   Section        0  app_motor_usart.o(i.send_motor_type)
    i.send_pulse_line                        0x080036b4   Section        0  app_motor_usart.o(i.send_pulse_line)
    i.send_pulse_phase                       0x080036e4   Section        0  app_motor_usart.o(i.send_pulse_phase)
    i.send_upload_data                       0x08003714   Section        0  app_motor_usart.o(i.send_upload_data)
    i.send_wheel_diameter                    0x08003754   Section        0  app_motor_usart.o(i.send_wheel_diameter)
    i.set_control_mode                       0x08003798   Section        0  mode_choose.o(i.set_control_mode)
    i.splitString                            0x0800380c   Section        0  app_motor_usart.o(i.splitString)
    i.uart3_init                             0x08003844   Section        0  usart3.o(i.uart3_init)
    i.uart_init                              0x08003914   Section        0  usart.o(i.uart_init)
    i.unpack_velocity                        0x080039b4   Section        0  pc_command_parser.o(i.unpack_velocity)
    unpack_velocity                          0x080039b5   Thumb Code    96  pc_command_parser.o(i.unpack_velocity)
    .constdata                               0x08003a18   Section      129  ctype_o.o(.constdata)
    .constdata                               0x08003a9c   Section        4  ctype_o.o(.constdata)
    table                                    0x08003a9c   Data           4  ctype_o.o(.constdata)
    .conststring                             0x08003aa0   Section      135  motor_control.o(.conststring)
    .data                                    0x20000000   Section        4  main.o(.data)
    loop_count                               0x20000000   Data           4  main.o(.data)
    .data                                    0x20000004   Section        1  mode_choose.o(.data)
    current_mode                             0x20000004   Data           1  mode_choose.o(.data)
    .data                                    0x20000008   Section       52  motor_control.o(.data)
    turn_pid                                 0x20000008   Data          44  motor_control.o(.data)
    current_turn_state                       0x20000034   Data           1  motor_control.o(.data)
    turn_start_angle                         0x20000038   Data           4  motor_control.o(.data)
    .data                                    0x2000003c   Section       20  system_stm32f10x.o(.data)
    .data                                    0x20000050   Section       20  stm32f10x_rcc.o(.data)
    APBAHBPrescTable                         0x20000050   Data          16  stm32f10x_rcc.o(.data)
    ADCPrescTable                            0x20000060   Data           4  stm32f10x_rcc.o(.data)
    .data                                    0x20000064   Section        4  delay.o(.data)
    fac_us                                   0x20000064   Data           1  delay.o(.data)
    fac_ms                                   0x20000066   Data           2  delay.o(.data)
    .data                                    0x20000068   Section       10  usart.o(.data)
    hmi_cmd_ready                            0x20000070   Data           1  usart.o(.data)
    idx                                      0x20000071   Data           1  usart.o(.data)
    .data                                    0x20000074   Section       10  bsp_timer.o(.data)
    stop_time                                0x2000007c   Data           2  bsp_timer.o(.data)
    .data                                    0x2000007e   Section        3  app_motor_usart.o(.data)
    step                                     0x2000007f   Data           1  app_motor_usart.o(.data)
    start_flag                               0x20000080   Data           1  app_motor_usart.o(.data)
    .data                                    0x20000082   Section        5  usart3.o(.data)
    usart3_rx_head                           0x20000082   Data           2  usart3.o(.data)
    usart3_rx_tail                           0x20000084   Data           2  usart3.o(.data)
    rx_count                                 0x20000086   Data           1  usart3.o(.data)
    .data                                    0x20000087   Section        1  pc_command_parser.o(.data)
    rpi_cmd_ready                            0x20000087   Data           1  pc_command_parser.o(.data)
    .data                                    0x20000088   Section        4  strtok.o(.data)
    state                                    0x20000088   Data           4  strtok.o(.data)
    .data                                    0x2000008c   Section        4  errno.o(.data)
    _errno                                   0x2000008c   Data           4  errno.o(.data)
    .bss                                     0x20000090   Section       16  motor_control.o(.bss)
    turn_start_encoder                       0x20000090   Data          16  motor_control.o(.bss)
    .bss                                     0x200000a0   Section      100  usart.o(.bss)
    hmi_cmd_buffer                           0x200000d2   Data          50  usart.o(.bss)
    .bss                                     0x20000104   Section      400  app_motor_usart.o(.bss)
    data                                     0x20000230   Data         100  app_motor_usart.o(.bss)
    .bss                                     0x20000294   Section      275  usart3.o(.bss)
    usart3_rx_buffer                         0x20000294   Data         256  usart3.o(.bss)
    rx_buffer                                0x20000394   Data          19  usart3.o(.bss)
    .bss                                     0x200003a7   Section       19  pc_command_parser.o(.bss)
    rpi_cmd_buffer                           0x200003a7   Data          19  pc_command_parser.o(.bss)
    STACK                                    0x200003c0   Section     1024  startup_stm32f10x_hd.o(STACK)

    Global Symbols

    Symbol Name                              Value     Ov Type        Size  Object(Section)

    BuildAttributes$$THM_ISAv4$P$D$K$B$S$PE$A:L22UL41UL21$X:L11$S22US41US21$IEEE1$IW$USESV6$~STKCKD$USESV7$~SHL$OTIME$ROPI$IEEEJ$EBA8$MICROLIB$REQ8$PRES8$EABIv2 0x00000000   Number         0  anon$$obj.o ABSOLUTE
    __ARM_use_no_argv                        0x00000000   Number         0  main.o ABSOLUTE
    __use_no_errno                           0x00000000   Number         0  useno.o ABSOLUTE
    __use_no_exception_handling              0x00000000   Number         0  useno.o ABSOLUTE
    __use_no_fp                              0x00000000   Number         0  useno.o ABSOLUTE
    __use_no_heap                            0x00000000   Number         0  useno.o ABSOLUTE
    __use_no_heap_region                     0x00000000   Number         0  useno.o ABSOLUTE
    __use_no_semihosting                     0x00000000   Number         0  useno.o ABSOLUTE
    __use_no_semihosting_swi                 0x00000000   Number         0  useno.o ABSOLUTE
    __use_no_signal_handling                 0x00000000   Number         0  useno.o ABSOLUTE
    _printf_a                                0x00000000   Number         0  stubs.o ABSOLUTE
    _printf_c                                0x00000000   Number         0  stubs.o ABSOLUTE
    _printf_charcount                        0x00000000   Number         0  stubs.o ABSOLUTE
    _printf_d                                0x00000000   Number         0  stubs.o ABSOLUTE
    _printf_e                                0x00000000   Number         0  stubs.o ABSOLUTE
    _printf_f                                0x00000000   Number         0  stubs.o ABSOLUTE
    _printf_flags                            0x00000000   Number         0  stubs.o ABSOLUTE
    _printf_fp_dec                           0x00000000   Number         0  stubs.o ABSOLUTE
    _printf_fp_hex                           0x00000000   Number         0  stubs.o ABSOLUTE
    _printf_g                                0x00000000   Number         0  stubs.o ABSOLUTE
    _printf_i                                0x00000000   Number         0  stubs.o ABSOLUTE
    _printf_int_dec                          0x00000000   Number         0  stubs.o ABSOLUTE
    _printf_l                                0x00000000   Number         0  stubs.o ABSOLUTE
    _printf_lc                               0x00000000   Number         0  stubs.o ABSOLUTE
    _printf_ll                               0x00000000   Number         0  stubs.o ABSOLUTE
    _printf_lld                              0x00000000   Number         0  stubs.o ABSOLUTE
    _printf_lli                              0x00000000   Number         0  stubs.o ABSOLUTE
    _printf_llo                              0x00000000   Number         0  stubs.o ABSOLUTE
    _printf_llu                              0x00000000   Number         0  stubs.o ABSOLUTE
    _printf_llx                              0x00000000   Number         0  stubs.o ABSOLUTE
    _printf_longlong_dec                     0x00000000   Number         0  stubs.o ABSOLUTE
    _printf_longlong_hex                     0x00000000   Number         0  stubs.o ABSOLUTE
    _printf_longlong_oct                     0x00000000   Number         0  stubs.o ABSOLUTE
    _printf_ls                               0x00000000   Number         0  stubs.o ABSOLUTE
    _printf_mbtowc                           0x00000000   Number         0  stubs.o ABSOLUTE
    _printf_n                                0x00000000   Number         0  stubs.o ABSOLUTE
    _printf_o                                0x00000000   Number         0  stubs.o ABSOLUTE
    _printf_p                                0x00000000   Number         0  stubs.o ABSOLUTE
    _printf_percent                          0x00000000   Number         0  stubs.o ABSOLUTE
    _printf_pre_padding                      0x00000000   Number         0  stubs.o ABSOLUTE
    _printf_return_value                     0x00000000   Number         0  stubs.o ABSOLUTE
    _printf_s                                0x00000000   Number         0  stubs.o ABSOLUTE
    _printf_sizespec                         0x00000000   Number         0  stubs.o ABSOLUTE
    _printf_str                              0x00000000   Number         0  stubs.o ABSOLUTE
    _printf_truncate_signed                  0x00000000   Number         0  stubs.o ABSOLUTE
    _printf_truncate_unsigned                0x00000000   Number         0  stubs.o ABSOLUTE
    _printf_u                                0x00000000   Number         0  stubs.o ABSOLUTE
    _printf_wc                               0x00000000   Number         0  stubs.o ABSOLUTE
    _printf_wctomb                           0x00000000   Number         0  stubs.o ABSOLUTE
    _printf_widthprec                        0x00000000   Number         0  stubs.o ABSOLUTE
    _printf_x                                0x00000000   Number         0  stubs.o ABSOLUTE
    __cpp_initialize__aeabi_                  - Undefined Weak Reference
    __cxa_finalize                            - Undefined Weak Reference
    __decompress                              - Undefined Weak Reference
    _clock_init                               - Undefined Weak Reference
    _microlib_exit                            - Undefined Weak Reference
    _scanf_longlong                           - Undefined Weak Reference
    _scanf_string                             - Undefined Weak Reference
    __Vectors_Size                           0x00000130   Number         0  startup_stm32f10x_hd.o ABSOLUTE
    __Vectors                                0x08000000   Data           4  startup_stm32f10x_hd.o(RESET)
    __Vectors_End                            0x08000130   Data           0  startup_stm32f10x_hd.o(RESET)
    __main                                   0x08000131   Thumb Code     0  entry.o(.ARM.Collect$$$$00000000)
    _main_stk                                0x08000131   Thumb Code     0  entry2.o(.ARM.Collect$$$$00000001)
    _main_scatterload                        0x08000135   Thumb Code     0  entry5.o(.ARM.Collect$$$$00000004)
    __main_after_scatterload                 0x08000139   Thumb Code     0  entry5.o(.ARM.Collect$$$$00000004)
    _main_clock                              0x08000139   Thumb Code     0  entry7b.o(.ARM.Collect$$$$00000008)
    _main_cpp_init                           0x08000139   Thumb Code     0  entry8b.o(.ARM.Collect$$$$0000000A)
    _main_init                               0x08000139   Thumb Code     0  entry9a.o(.ARM.Collect$$$$0000000B)
    __rt_final_cpp                           0x08000141   Thumb Code     0  entry10a.o(.ARM.Collect$$$$0000000D)
    __rt_final_exit                          0x08000141   Thumb Code     0  entry11a.o(.ARM.Collect$$$$0000000F)
    Reset_Handler                            0x08000145   Thumb Code     8  startup_stm32f10x_hd.o(.text)
    ADC1_2_IRQHandler                        0x0800015f   Thumb Code     0  startup_stm32f10x_hd.o(.text)
    ADC3_IRQHandler                          0x0800015f   Thumb Code     0  startup_stm32f10x_hd.o(.text)
    CAN1_RX1_IRQHandler                      0x0800015f   Thumb Code     0  startup_stm32f10x_hd.o(.text)
    CAN1_SCE_IRQHandler                      0x0800015f   Thumb Code     0  startup_stm32f10x_hd.o(.text)
    DMA1_Channel1_IRQHandler                 0x0800015f   Thumb Code     0  startup_stm32f10x_hd.o(.text)
    DMA1_Channel2_IRQHandler                 0x0800015f   Thumb Code     0  startup_stm32f10x_hd.o(.text)
    DMA1_Channel3_IRQHandler                 0x0800015f   Thumb Code     0  startup_stm32f10x_hd.o(.text)
    DMA1_Channel4_IRQHandler                 0x0800015f   Thumb Code     0  startup_stm32f10x_hd.o(.text)
    DMA1_Channel5_IRQHandler                 0x0800015f   Thumb Code     0  startup_stm32f10x_hd.o(.text)
    DMA1_Channel6_IRQHandler                 0x0800015f   Thumb Code     0  startup_stm32f10x_hd.o(.text)
    DMA1_Channel7_IRQHandler                 0x0800015f   Thumb Code     0  startup_stm32f10x_hd.o(.text)
    DMA2_Channel1_IRQHandler                 0x0800015f   Thumb Code     0  startup_stm32f10x_hd.o(.text)
    DMA2_Channel2_IRQHandler                 0x0800015f   Thumb Code     0  startup_stm32f10x_hd.o(.text)
    DMA2_Channel3_IRQHandler                 0x0800015f   Thumb Code     0  startup_stm32f10x_hd.o(.text)
    DMA2_Channel4_5_IRQHandler               0x0800015f   Thumb Code     0  startup_stm32f10x_hd.o(.text)
    EXTI0_IRQHandler                         0x0800015f   Thumb Code     0  startup_stm32f10x_hd.o(.text)
    EXTI15_10_IRQHandler                     0x0800015f   Thumb Code     0  startup_stm32f10x_hd.o(.text)
    EXTI1_IRQHandler                         0x0800015f   Thumb Code     0  startup_stm32f10x_hd.o(.text)
    EXTI2_IRQHandler                         0x0800015f   Thumb Code     0  startup_stm32f10x_hd.o(.text)
    EXTI3_IRQHandler                         0x0800015f   Thumb Code     0  startup_stm32f10x_hd.o(.text)
    EXTI4_IRQHandler                         0x0800015f   Thumb Code     0  startup_stm32f10x_hd.o(.text)
    EXTI9_5_IRQHandler                       0x0800015f   Thumb Code     0  startup_stm32f10x_hd.o(.text)
    FLASH_IRQHandler                         0x0800015f   Thumb Code     0  startup_stm32f10x_hd.o(.text)
    FSMC_IRQHandler                          0x0800015f   Thumb Code     0  startup_stm32f10x_hd.o(.text)
    I2C1_ER_IRQHandler                       0x0800015f   Thumb Code     0  startup_stm32f10x_hd.o(.text)
    I2C1_EV_IRQHandler                       0x0800015f   Thumb Code     0  startup_stm32f10x_hd.o(.text)
    I2C2_ER_IRQHandler                       0x0800015f   Thumb Code     0  startup_stm32f10x_hd.o(.text)
    I2C2_EV_IRQHandler                       0x0800015f   Thumb Code     0  startup_stm32f10x_hd.o(.text)
    PVD_IRQHandler                           0x0800015f   Thumb Code     0  startup_stm32f10x_hd.o(.text)
    RCC_IRQHandler                           0x0800015f   Thumb Code     0  startup_stm32f10x_hd.o(.text)
    RTCAlarm_IRQHandler                      0x0800015f   Thumb Code     0  startup_stm32f10x_hd.o(.text)
    RTC_IRQHandler                           0x0800015f   Thumb Code     0  startup_stm32f10x_hd.o(.text)
    SDIO_IRQHandler                          0x0800015f   Thumb Code     0  startup_stm32f10x_hd.o(.text)
    SPI1_IRQHandler                          0x0800015f   Thumb Code     0  startup_stm32f10x_hd.o(.text)
    SPI2_IRQHandler                          0x0800015f   Thumb Code     0  startup_stm32f10x_hd.o(.text)
    SPI3_IRQHandler                          0x0800015f   Thumb Code     0  startup_stm32f10x_hd.o(.text)
    TAMPER_IRQHandler                        0x0800015f   Thumb Code     0  startup_stm32f10x_hd.o(.text)
    TIM1_BRK_IRQHandler                      0x0800015f   Thumb Code     0  startup_stm32f10x_hd.o(.text)
    TIM1_CC_IRQHandler                       0x0800015f   Thumb Code     0  startup_stm32f10x_hd.o(.text)
    TIM1_TRG_COM_IRQHandler                  0x0800015f   Thumb Code     0  startup_stm32f10x_hd.o(.text)
    TIM1_UP_IRQHandler                       0x0800015f   Thumb Code     0  startup_stm32f10x_hd.o(.text)
    TIM2_IRQHandler                          0x0800015f   Thumb Code     0  startup_stm32f10x_hd.o(.text)
    TIM4_IRQHandler                          0x0800015f   Thumb Code     0  startup_stm32f10x_hd.o(.text)
    TIM5_IRQHandler                          0x0800015f   Thumb Code     0  startup_stm32f10x_hd.o(.text)
    TIM6_IRQHandler                          0x0800015f   Thumb Code     0  startup_stm32f10x_hd.o(.text)
    TIM7_IRQHandler                          0x0800015f   Thumb Code     0  startup_stm32f10x_hd.o(.text)
    TIM8_BRK_IRQHandler                      0x0800015f   Thumb Code     0  startup_stm32f10x_hd.o(.text)
    TIM8_CC_IRQHandler                       0x0800015f   Thumb Code     0  startup_stm32f10x_hd.o(.text)
    TIM8_TRG_COM_IRQHandler                  0x0800015f   Thumb Code     0  startup_stm32f10x_hd.o(.text)
    TIM8_UP_IRQHandler                       0x0800015f   Thumb Code     0  startup_stm32f10x_hd.o(.text)
    UART4_IRQHandler                         0x0800015f   Thumb Code     0  startup_stm32f10x_hd.o(.text)
    UART5_IRQHandler                         0x0800015f   Thumb Code     0  startup_stm32f10x_hd.o(.text)
    USBWakeUp_IRQHandler                     0x0800015f   Thumb Code     0  startup_stm32f10x_hd.o(.text)
    USB_HP_CAN1_TX_IRQHandler                0x0800015f   Thumb Code     0  startup_stm32f10x_hd.o(.text)
    USB_LP_CAN1_RX0_IRQHandler               0x0800015f   Thumb Code     0  startup_stm32f10x_hd.o(.text)
    WWDG_IRQHandler                          0x0800015f   Thumb Code     0  startup_stm32f10x_hd.o(.text)
    __aeabi_memcpy                           0x08000169   Thumb Code    36  memcpya.o(.text)
    __aeabi_memcpy4                          0x08000169   Thumb Code     0  memcpya.o(.text)
    __aeabi_memcpy8                          0x08000169   Thumb Code     0  memcpya.o(.text)
    __aeabi_memset                           0x0800018d   Thumb Code    14  memseta.o(.text)
    __aeabi_memset4                          0x0800018d   Thumb Code     0  memseta.o(.text)
    __aeabi_memset8                          0x0800018d   Thumb Code     0  memseta.o(.text)
    __aeabi_memclr                           0x0800019b   Thumb Code     4  memseta.o(.text)
    __aeabi_memclr4                          0x0800019b   Thumb Code     0  memseta.o(.text)
    __aeabi_memclr8                          0x0800019b   Thumb Code     0  memseta.o(.text)
    _memset$wrapper                          0x0800019f   Thumb Code    18  memseta.o(.text)
    strlen                                   0x080001b1   Thumb Code    14  strlen.o(.text)
    strcmp                                   0x080001bf   Thumb Code    28  strcmp.o(.text)
    strcpy                                   0x080001db   Thumb Code    18  strcpy.o(.text)
    strncmp                                  0x080001ed   Thumb Code    30  strncmp.o(.text)
    strtok                                   0x0800020d   Thumb Code    62  strtok.o(.text)
    __0sscanf                                0x08000251   Thumb Code    48  __0sscanf.o(.text)
    _scanf_int                               0x08000289   Thumb Code   332  _scanf_int.o(.text)
    _scanf_real                              0x080004fd   Thumb Code     0  scanf_fp.o(.text)
    _scanf_really_real                       0x080004fd   Thumb Code   556  scanf_fp.o(.text)
    atoi                                     0x08000735   Thumb Code    26  atoi.o(.text)
    __aeabi_dadd                             0x0800074f   Thumb Code   322  dadd.o(.text)
    __aeabi_dsub                             0x08000891   Thumb Code     6  dadd.o(.text)
    __aeabi_drsub                            0x08000897   Thumb Code     6  dadd.o(.text)
    __aeabi_dmul                             0x0800089d   Thumb Code   228  dmul.o(.text)
    __aeabi_ddiv                             0x08000981   Thumb Code   222  ddiv.o(.text)
    __aeabi_i2d                              0x08000a5f   Thumb Code    34  dflti.o(.text)
    __aeabi_ui2d                             0x08000a81   Thumb Code    26  dfltui.o(.text)
    __aeabi_d2iz                             0x08000a9b   Thumb Code    62  dfixi.o(.text)
    __aeabi_d2uiz                            0x08000ad9   Thumb Code    50  dfixui.o(.text)
    __aeabi_f2d                              0x08000b0b   Thumb Code    38  f2d.o(.text)
    __aeabi_d2f                              0x08000b31   Thumb Code    56  d2f.o(.text)
    __aeabi_uidiv                            0x08000b69   Thumb Code     0  uidiv.o(.text)
    __aeabi_uidivmod                         0x08000b69   Thumb Code    44  uidiv.o(.text)
    __aeabi_uldivmod                         0x08000b95   Thumb Code    98  uldiv.o(.text)
    __aeabi_llsl                             0x08000bf7   Thumb Code    30  llshl.o(.text)
    _ll_shift_l                              0x08000bf7   Thumb Code     0  llshl.o(.text)
    __aeabi_llsr                             0x08000c15   Thumb Code    32  llushr.o(.text)
    _ll_ushift_r                             0x08000c15   Thumb Code     0  llushr.o(.text)
    __aeabi_lasr                             0x08000c35   Thumb Code    36  llsshr.o(.text)
    _ll_sshift_r                             0x08000c35   Thumb Code     0  llsshr.o(.text)
    _chval                                   0x08000c59   Thumb Code    28  _chval.o(.text)
    __vfscanf_char                           0x08000c81   Thumb Code    20  scanf_char.o(.text)
    _sgetc                                   0x08000c9d   Thumb Code    30  _sgetc.o(.text)
    _sbackspace                              0x08000cbb   Thumb Code    34  _sgetc.o(.text)
    __strtod_int                             0x08000d13   Thumb Code    90  strtod.o(.text)
    strtol                                   0x08000d79   Thumb Code   112  strtol.o(.text)
    __I$use$fp                               0x08000de9   Thumb Code     0  iusefp.o(.text)
    _float_round                             0x08000de9   Thumb Code    18  fepilogue.o(.text)
    _float_epilogue                          0x08000dfb   Thumb Code    92  fepilogue.o(.text)
    _double_round                            0x08000e57   Thumb Code    30  depilogue.o(.text)
    _double_epilogue                         0x08000e75   Thumb Code   156  depilogue.o(.text)
    __aeabi_ul2d                             0x08000f11   Thumb Code    24  dfltul.o(.text)
    __aeabi_d2ulz                            0x08000f29   Thumb Code    48  dfixul.o(.text)
    __aeabi_cdrcmple                         0x08000f59   Thumb Code    48  cdrcmple.o(.text)
    __scatterload                            0x08000f89   Thumb Code    28  init.o(.text)
    __scatterload_rt2                        0x08000f89   Thumb Code     0  init.o(.text)
    __rt_ctype_table                         0x08000fad   Thumb Code     4  ctype_o.o(.text)
    isspace                                  0x08000fb5   Thumb Code    18  isspace_o.o(.text)
    __vfscanf                                0x08000fc9   Thumb Code   808  _scanf.o(.text)
    _strtoul                                 0x080012f5   Thumb Code   158  _strtoul.o(.text)
    BusFault_Handler                         0x08001393   Thumb Code     4  stm32f10x_it.o(i.BusFault_Handler)
    Buzzer_Init                              0x08001399   Thumb Code    80  gpio_control.o(i.Buzzer_Init)
    Contrl_Pwm                               0x080013ed   Thumb Code    50  app_motor_usart.o(i.Contrl_Pwm)
    Contrl_Speed                             0x08001439   Thumb Code    50  app_motor_usart.o(i.Contrl_Speed)
    Control_Buzzer                           0x08001485   Thumb Code    26  gpio_control.o(i.Control_Buzzer)
    Control_LED                              0x080014a5   Thumb Code    26  gpio_control.o(i.Control_LED)
    Control_Laser                            0x080014c5   Thumb Code    26  gpio_control.o(i.Control_Laser)
    DIY_NVIC_PriorityGroupConfig             0x080014e5   Thumb Code    32  bsp.o(i.DIY_NVIC_PriorityGroupConfig)
    Deal_Control_Rxtemp                      0x0800150d   Thumb Code   118  app_motor_usart.o(i.Deal_Control_Rxtemp)
    Deal_data_real                           0x08001599   Thumb Code   382  app_motor_usart.o(i.Deal_data_real)
    DebugMon_Handler                         0x08001749   Thumb Code     2  stm32f10x_it.o(i.DebugMon_Handler)
    GPIO_Init                                0x0800174b   Thumb Code   278  stm32f10x_gpio.o(i.GPIO_Init)
    GPIO_ResetBits                           0x08001861   Thumb Code     4  stm32f10x_gpio.o(i.GPIO_ResetBits)
    GPIO_SetBits                             0x08001865   Thumb Code     4  stm32f10x_gpio.o(i.GPIO_SetBits)
    HardFault_Handler                        0x08001869   Thumb Code     4  stm32f10x_it.o(i.HardFault_Handler)
    LED_Init                                 0x0800186d   Thumb Code    46  gpio_control.o(i.LED_Init)
    Laser_Init                               0x080018a1   Thumb Code    46  gpio_control.o(i.Laser_Init)
    MemManage_Handler                        0x080018d5   Thumb Code     4  stm32f10x_it.o(i.MemManage_Handler)
    Motor_Usart_init                         0x080018d9   Thumb Code   158  bsp_motor_usart.o(i.Motor_Usart_init)
    NMI_Handler                              0x08001981   Thumb Code     2  stm32f10x_it.o(i.NMI_Handler)
    NVIC_Init                                0x08001985   Thumb Code   100  misc.o(i.NVIC_Init)
    PendSV_Handler                           0x080019f5   Thumb Code     2  stm32f10x_it.o(i.PendSV_Handler)
    RCC_APB1PeriphClockCmd                   0x080019f9   Thumb Code    26  stm32f10x_rcc.o(i.RCC_APB1PeriphClockCmd)
    RCC_APB2PeriphClockCmd                   0x08001a19   Thumb Code    26  stm32f10x_rcc.o(i.RCC_APB2PeriphClockCmd)
    RCC_GetClocksFreq                        0x08001a39   Thumb Code   192  stm32f10x_rcc.o(i.RCC_GetClocksFreq)
    SVC_Handler                              0x08001b0d   Thumb Code     2  stm32f10x_it.o(i.SVC_Handler)
    Send_Motor_ArrayU8                       0x08001b0f   Thumb Code    28  bsp_motor_usart.o(i.Send_Motor_ArrayU8)
    Send_Motor_U8                            0x08001b2d   Thumb Code    28  bsp_motor_usart.o(i.Send_Motor_U8)
    Servo_Init                               0x08001b4d   Thumb Code   152  servo_sg90.o(i.Servo_Init)
    Servo_Set_Angle                          0x08001bed   Thumb Code    84  servo_sg90.o(i.Servo_Set_Angle)
    SysTick_CLKSourceConfig                  0x08001d31   Thumb Code    40  misc.o(i.SysTick_CLKSourceConfig)
    SysTick_Handler                          0x08001d59   Thumb Code     2  stm32f10x_it.o(i.SysTick_Handler)
    SystemInit                               0x08001d5d   Thumb Code    78  system_stm32f10x.o(i.SystemInit)
    TIM3_IRQHandler                          0x08001dbd   Thumb Code    60  bsp_timer.o(i.TIM3_IRQHandler)
    TIM3_Init                                0x08001e09   Thumb Code    90  bsp_timer.o(i.TIM3_Init)
    TIM_ClearFlag                            0x08001e69   Thumb Code     6  stm32f10x_tim.o(i.TIM_ClearFlag)
    TIM_ClearITPendingBit                    0x08001e6f   Thumb Code     6  stm32f10x_tim.o(i.TIM_ClearITPendingBit)
    TIM_Cmd                                  0x08001e75   Thumb Code    24  stm32f10x_tim.o(i.TIM_Cmd)
    TIM_GetITStatus                          0x08001e8d   Thumb Code    34  stm32f10x_tim.o(i.TIM_GetITStatus)
    TIM_ITConfig                             0x08001eaf   Thumb Code    18  stm32f10x_tim.o(i.TIM_ITConfig)
    TIM_OC3Init                              0x08001ec1   Thumb Code   150  stm32f10x_tim.o(i.TIM_OC3Init)
    TIM_OC3PreloadConfig                     0x08001f61   Thumb Code    18  stm32f10x_tim.o(i.TIM_OC3PreloadConfig)
    TIM_OC4Init                              0x08001f75   Thumb Code   114  stm32f10x_tim.o(i.TIM_OC4Init)
    TIM_OC4PreloadConfig                     0x08001ff1   Thumb Code    26  stm32f10x_tim.o(i.TIM_OC4PreloadConfig)
    TIM_SetCompare3                          0x0800200b   Thumb Code     4  stm32f10x_tim.o(i.TIM_SetCompare3)
    TIM_SetCompare4                          0x0800200f   Thumb Code     6  stm32f10x_tim.o(i.TIM_SetCompare4)
    TIM_TimeBaseInit                         0x08002015   Thumb Code   122  stm32f10x_tim.o(i.TIM_TimeBaseInit)
    USART1_IRQHandler                        0x080020b9   Thumb Code   116  usart.o(i.USART1_IRQHandler)
    USART2_IRQHandler                        0x0800213d   Thumb Code    34  bsp_motor_usart.o(i.USART2_IRQHandler)
    USART3_IRQHandler                        0x08002165   Thumb Code   126  usart3.o(i.USART3_IRQHandler)
    USART3_Rx_Callback                       0x080021f1   Thumb Code    28  pc_command_parser.o(i.USART3_Rx_Callback)
    USART_ClearITPendingBit                  0x08002215   Thumb Code    30  stm32f10x_usart.o(i.USART_ClearITPendingBit)
    USART_Cmd                                0x08002233   Thumb Code    24  stm32f10x_usart.o(i.USART_Cmd)
    USART_GetFlagStatus                      0x0800224b   Thumb Code    26  stm32f10x_usart.o(i.USART_GetFlagStatus)
    USART_GetITStatus                        0x08002265   Thumb Code    84  stm32f10x_usart.o(i.USART_GetITStatus)
    USART_ITConfig                           0x080022b9   Thumb Code    74  stm32f10x_usart.o(i.USART_ITConfig)
    USART_Init                               0x08002305   Thumb Code   210  stm32f10x_usart.o(i.USART_Init)
    USART_ReceiveData                        0x080023dd   Thumb Code    10  stm32f10x_usart.o(i.USART_ReceiveData)
    USART_SendData                           0x080023e7   Thumb Code     8  stm32f10x_usart.o(i.USART_SendData)
    UsageFault_Handler                       0x080023ef   Thumb Code     4  stm32f10x_it.o(i.UsageFault_Handler)
    __0printf                                0x080023f5   Thumb Code    22  printfa.o(i.__0printf)
    __1printf                                0x080023f5   Thumb Code     0  printfa.o(i.__0printf)
    __2printf                                0x080023f5   Thumb Code     0  printfa.o(i.__0printf)
    __c89printf                              0x080023f5   Thumb Code     0  printfa.o(i.__0printf)
    printf                                   0x080023f5   Thumb Code     0  printfa.o(i.__0printf)
    __0sprintf                               0x08002415   Thumb Code    34  printfa.o(i.__0sprintf)
    __1sprintf                               0x08002415   Thumb Code     0  printfa.o(i.__0sprintf)
    __2sprintf                               0x08002415   Thumb Code     0  printfa.o(i.__0sprintf)
    __c89sprintf                             0x08002415   Thumb Code     0  printfa.o(i.__0sprintf)
    sprintf                                  0x08002415   Thumb Code     0  printfa.o(i.__0sprintf)
    __aeabi_errno_addr                       0x0800243d   Thumb Code     4  errno.o(i.__aeabi_errno_addr)
    __rt_errno_addr                          0x0800243d   Thumb Code     0  errno.o(i.__aeabi_errno_addr)
    __read_errno                             0x08002445   Thumb Code     6  errno.o(i.__read_errno)
    __scatterload_copy                       0x08002451   Thumb Code    14  handlers.o(i.__scatterload_copy)
    __scatterload_null                       0x0800245f   Thumb Code     2  handlers.o(i.__scatterload_null)
    __scatterload_zeroinit                   0x08002461   Thumb Code    14  handlers.o(i.__scatterload_zeroinit)
    __set_errno                              0x08002471   Thumb Code     6  errno.o(i.__set_errno)
    _is_digit                                0x08002601   Thumb Code    14  scanf_fp.o(i._is_digit)
    atof                                     0x08002d49   Thumb Code    42  atof.o(i.atof)
    bsp_init                                 0x08002d73   Thumb Code    22  bsp.o(i.bsp_init)
    delay_init                               0x08002d89   Thumb Code    60  delay.o(i.delay_init)
    delay_ms                                 0x08002dd5   Thumb Code    56  delay.o(i.delay_ms)
    fputc                                    0x08002e11   Thumb Code    24  usart.o(i.fputc)
    get_control_mode                         0x08002e2d   Thumb Code     6  mode_choose.o(i.get_control_mode)
    hmi_command_poll                         0x08002e39   Thumb Code   394  usart.o(i.hmi_command_poll)
    main                                     0x0800307d   Thumb Code    74  main.o(i.main)
    master_init                              0x080030d5   Thumb Code   202  init.o(i.master_init)
    mode_init                                0x080032fd   Thumb Code     8  mode_choose.o(i.mode_init)
    motor_backward                           0x08003309   Thumb Code    26  motor_control.o(i.motor_backward)
    motor_cancel_turn                        0x08003325   Thumb Code    30  motor_control.o(i.motor_cancel_turn)
    motor_forward                            0x08003369   Thumb Code    18  motor_control.o(i.motor_forward)
    motor_set_turn_pid_params                0x0800337d   Thumb Code    78  motor_control.o(i.motor_set_turn_pid_params)
    motor_stop                               0x0800340d   Thumb Code    16  motor_control.o(i.motor_stop)
    motor_turn_left                          0x0800341d   Thumb Code    24  motor_control.o(i.motor_turn_left)
    motor_turn_left_90_precise               0x08003435   Thumb Code    64  motor_control.o(i.motor_turn_left_90_precise)
    motor_turn_right                         0x08003491   Thumb Code    24  motor_control.o(i.motor_turn_right)
    motor_turn_right_90_precise              0x080034a9   Thumb Code    64  motor_control.o(i.motor_turn_right_90_precise)
    ros_command_poll                         0x08003519   Thumb Code   300  pc_command_parser.o(i.ros_command_poll)
    send_motor_deadzone                      0x08003651   Thumb Code    32  app_motor_usart.o(i.send_motor_deadzone)
    send_motor_type                          0x08003685   Thumb Code    32  app_motor_usart.o(i.send_motor_type)
    send_pulse_line                          0x080036b5   Thumb Code    32  app_motor_usart.o(i.send_pulse_line)
    send_pulse_phase                         0x080036e5   Thumb Code    32  app_motor_usart.o(i.send_pulse_phase)
    send_upload_data                         0x08003715   Thumb Code    40  app_motor_usart.o(i.send_upload_data)
    send_wheel_diameter                      0x08003755   Thumb Code    42  app_motor_usart.o(i.send_wheel_diameter)
    set_control_mode                         0x08003799   Thumb Code    38  mode_choose.o(i.set_control_mode)
    splitString                              0x0800380d   Thumb Code    54  app_motor_usart.o(i.splitString)
    uart3_init                               0x08003845   Thumb Code   166  usart3.o(i.uart3_init)
    uart_init                                0x08003915   Thumb Code   152  usart.o(i.uart_init)
    __ctype_table                            0x08003a18   Data         129  ctype_o.o(.constdata)
    Region$$Table$$Base                      0x08003b28   Number         0  anon$$obj.o(Region$$Table)
    Region$$Table$$Limit                     0x08003b48   Number         0  anon$$obj.o(Region$$Table)
    SystemCoreClock                          0x2000003c   Data           4  system_stm32f10x.o(.data)
    AHBPrescTable                            0x20000040   Data          16  system_stm32f10x.o(.data)
    dbg_cmd_ready                            0x20000068   Data           1  usart.o(.data)
    test_flag                                0x20000069   Data           1  usart.o(.data)
    __stdout                                 0x2000006c   Data           4  usart.o(.data)
    times                                    0x20000074   Data           2  bsp_timer.o(.data)
    g_ms_tick                                0x20000078   Data           4  bsp_timer.o(.data)
    g_recv_flag                              0x2000007e   Data           1  app_motor_usart.o(.data)
    dbg_cmd_buf                              0x200000a0   Data          50  usart.o(.bss)
    send_buff                                0x20000104   Data          50  app_motor_usart.o(.bss)
    g_Speed                                  0x20000138   Data          16  app_motor_usart.o(.bss)
    Encoder_Offset                           0x20000148   Data          16  app_motor_usart.o(.bss)
    Encoder_Now                              0x20000158   Data          16  app_motor_usart.o(.bss)
    g_recv_buff                              0x20000168   Data         100  app_motor_usart.o(.bss)
    g_recv_buff_deal                         0x200001cc   Data         100  app_motor_usart.o(.bss)
    __initial_sp                             0x200007c0   Data           0  startup_stm32f10x_hd.o(STACK)



==============================================================================

Memory Map of the image

  Image Entry point : 0x08000131

  Load Region LR_IROM1 (Base: 0x08000000, Size: 0x00003bd8, Max: 0x00010000, ABSOLUTE)

    Execution Region ER_IROM1 (Exec base: 0x08000000, Load base: 0x08000000, Size: 0x00003b48, Max: 0x00010000, ABSOLUTE)

    Exec Addr    Load Addr    Size         Type   Attr      Idx    E Section Name        Object

    0x08000000   0x08000000   0x00000130   Data   RO          456    RESET               startup_stm32f10x_hd.o
    0x08000130   0x08000130   0x00000000   Code   RO         3989  * .ARM.Collect$$$$00000000  mc_w.l(entry.o)
    0x08000130   0x08000130   0x00000004   Code   RO         4317    .ARM.Collect$$$$00000001  mc_w.l(entry2.o)
    0x08000134   0x08000134   0x00000004   Code   RO         4320    .ARM.Collect$$$$00000004  mc_w.l(entry5.o)
    0x08000138   0x08000138   0x00000000   Code   RO         4322    .ARM.Collect$$$$00000008  mc_w.l(entry7b.o)
    0x08000138   0x08000138   0x00000000   Code   RO         4324    .ARM.Collect$$$$0000000A  mc_w.l(entry8b.o)
    0x08000138   0x08000138   0x00000008   Code   RO         4325    .ARM.Collect$$$$0000000B  mc_w.l(entry9a.o)
    0x08000140   0x08000140   0x00000000   Code   RO         4327    .ARM.Collect$$$$0000000D  mc_w.l(entry10a.o)
    0x08000140   0x08000140   0x00000000   Code   RO         4329    .ARM.Collect$$$$0000000F  mc_w.l(entry11a.o)
    0x08000140   0x08000140   0x00000004   Code   RO         4318    .ARM.Collect$$$$00002712  mc_w.l(entry2.o)
    0x08000144   0x08000144   0x00000024   Code   RO          457    .text               startup_stm32f10x_hd.o
    0x08000168   0x08000168   0x00000024   Code   RO         3992    .text               mc_w.l(memcpya.o)
    0x0800018c   0x0800018c   0x00000024   Code   RO         3994    .text               mc_w.l(memseta.o)
    0x080001b0   0x080001b0   0x0000000e   Code   RO         3996    .text               mc_w.l(strlen.o)
    0x080001be   0x080001be   0x0000001c   Code   RO         3998    .text               mc_w.l(strcmp.o)
    0x080001da   0x080001da   0x00000012   Code   RO         4000    .text               mc_w.l(strcpy.o)
    0x080001ec   0x080001ec   0x0000001e   Code   RO         4002    .text               mc_w.l(strncmp.o)
    0x0800020a   0x0800020a   0x00000002   PAD
    0x0800020c   0x0800020c   0x00000044   Code   RO         4004    .text               mc_w.l(strtok.o)
    0x08000250   0x08000250   0x00000038   Code   RO         4273    .text               mc_w.l(__0sscanf.o)
    0x08000288   0x08000288   0x0000014c   Code   RO         4275    .text               mc_w.l(_scanf_int.o)
    0x080003d4   0x080003d4   0x00000360   Code   RO         4277    .text               mc_w.l(scanf_fp.o)
    0x08000734   0x08000734   0x0000001a   Code   RO         4281    .text               mc_w.l(atoi.o)
    0x0800074e   0x0800074e   0x0000014e   Code   RO         4289    .text               mf_w.l(dadd.o)
    0x0800089c   0x0800089c   0x000000e4   Code   RO         4291    .text               mf_w.l(dmul.o)
    0x08000980   0x08000980   0x000000de   Code   RO         4293    .text               mf_w.l(ddiv.o)
    0x08000a5e   0x08000a5e   0x00000022   Code   RO         4297    .text               mf_w.l(dflti.o)
    0x08000a80   0x08000a80   0x0000001a   Code   RO         4299    .text               mf_w.l(dfltui.o)
    0x08000a9a   0x08000a9a   0x0000003e   Code   RO         4303    .text               mf_w.l(dfixi.o)
    0x08000ad8   0x08000ad8   0x00000032   Code   RO         4305    .text               mf_w.l(dfixui.o)
    0x08000b0a   0x08000b0a   0x00000026   Code   RO         4307    .text               mf_w.l(f2d.o)
    0x08000b30   0x08000b30   0x00000038   Code   RO         4311    .text               mf_w.l(d2f.o)
    0x08000b68   0x08000b68   0x0000002c   Code   RO         4331    .text               mc_w.l(uidiv.o)
    0x08000b94   0x08000b94   0x00000062   Code   RO         4333    .text               mc_w.l(uldiv.o)
    0x08000bf6   0x08000bf6   0x0000001e   Code   RO         4335    .text               mc_w.l(llshl.o)
    0x08000c14   0x08000c14   0x00000020   Code   RO         4337    .text               mc_w.l(llushr.o)
    0x08000c34   0x08000c34   0x00000024   Code   RO         4339    .text               mc_w.l(llsshr.o)
    0x08000c58   0x08000c58   0x0000001c   Code   RO         4348    .text               mc_w.l(_chval.o)
    0x08000c74   0x08000c74   0x00000028   Code   RO         4350    .text               mc_w.l(scanf_char.o)
    0x08000c9c   0x08000c9c   0x00000040   Code   RO         4352    .text               mc_w.l(_sgetc.o)
    0x08000cdc   0x08000cdc   0x0000009c   Code   RO         4354    .text               mc_w.l(strtod.o)
    0x08000d78   0x08000d78   0x00000070   Code   RO         4356    .text               mc_w.l(strtol.o)
    0x08000de8   0x08000de8   0x00000000   Code   RO         4358    .text               mc_w.l(iusefp.o)
    0x08000de8   0x08000de8   0x0000006e   Code   RO         4359    .text               mf_w.l(fepilogue.o)
    0x08000e56   0x08000e56   0x000000ba   Code   RO         4361    .text               mf_w.l(depilogue.o)
    0x08000f10   0x08000f10   0x00000018   Code   RO         4363    .text               mf_w.l(dfltul.o)
    0x08000f28   0x08000f28   0x00000030   Code   RO         4365    .text               mf_w.l(dfixul.o)
    0x08000f58   0x08000f58   0x00000030   Code   RO         4367    .text               mf_w.l(cdrcmple.o)
    0x08000f88   0x08000f88   0x00000024   Code   RO         4369    .text               mc_w.l(init.o)
    0x08000fac   0x08000fac   0x00000008   Code   RO         4373    .text               mc_w.l(ctype_o.o)
    0x08000fb4   0x08000fb4   0x00000012   Code   RO         4395    .text               mc_w.l(isspace_o.o)
    0x08000fc6   0x08000fc6   0x00000002   PAD
    0x08000fc8   0x08000fc8   0x0000032c   Code   RO         4401    .text               mc_w.l(_scanf.o)
    0x080012f4   0x080012f4   0x0000009e   Code   RO         4403    .text               mc_w.l(_strtoul.o)
    0x08001392   0x08001392   0x00000004   Code   RO          170    i.BusFault_Handler  stm32f10x_it.o
    0x08001396   0x08001396   0x00000002   PAD
    0x08001398   0x08001398   0x00000054   Code   RO         3899    i.Buzzer_Init       gpio_control.o
    0x080013ec   0x080013ec   0x0000004c   Code   RO         3606    i.Contrl_Pwm        app_motor_usart.o
    0x08001438   0x08001438   0x0000004c   Code   RO         3607    i.Contrl_Speed      app_motor_usart.o
    0x08001484   0x08001484   0x00000020   Code   RO         3900    i.Control_Buzzer    gpio_control.o
    0x080014a4   0x080014a4   0x00000020   Code   RO         3901    i.Control_LED       gpio_control.o
    0x080014c4   0x080014c4   0x00000020   Code   RO         3902    i.Control_Laser     gpio_control.o
    0x080014e4   0x080014e4   0x00000028   Code   RO         3454    i.DIY_NVIC_PriorityGroupConfig  bsp.o
    0x0800150c   0x0800150c   0x0000008c   Code   RO         3608    i.Deal_Control_Rxtemp  app_motor_usart.o
    0x08001598   0x08001598   0x000001b0   Code   RO         3609    i.Deal_data_real    app_motor_usart.o
    0x08001748   0x08001748   0x00000002   Code   RO          171    i.DebugMon_Handler  stm32f10x_it.o
    0x0800174a   0x0800174a   0x00000116   Code   RO         1612    i.GPIO_Init         stm32f10x_gpio.o
    0x08001860   0x08001860   0x00000004   Code   RO         1619    i.GPIO_ResetBits    stm32f10x_gpio.o
    0x08001864   0x08001864   0x00000004   Code   RO         1620    i.GPIO_SetBits      stm32f10x_gpio.o
    0x08001868   0x08001868   0x00000004   Code   RO          172    i.HardFault_Handler  stm32f10x_it.o
    0x0800186c   0x0800186c   0x00000034   Code   RO         3903    i.LED_Init          gpio_control.o
    0x080018a0   0x080018a0   0x00000034   Code   RO         3904    i.Laser_Init        gpio_control.o
    0x080018d4   0x080018d4   0x00000004   Code   RO          173    i.MemManage_Handler  stm32f10x_it.o
    0x080018d8   0x080018d8   0x000000a8   Code   RO         3694    i.Motor_Usart_init  bsp_motor_usart.o
    0x08001980   0x08001980   0x00000002   Code   RO          174    i.NMI_Handler       stm32f10x_it.o
    0x08001982   0x08001982   0x00000002   PAD
    0x08001984   0x08001984   0x00000070   Code   RO          461    i.NVIC_Init         misc.o
    0x080019f4   0x080019f4   0x00000002   Code   RO          175    i.PendSV_Handler    stm32f10x_it.o
    0x080019f6   0x080019f6   0x00000002   PAD
    0x080019f8   0x080019f8   0x00000020   Code   RO         2028    i.RCC_APB1PeriphClockCmd  stm32f10x_rcc.o
    0x08001a18   0x08001a18   0x00000020   Code   RO         2030    i.RCC_APB2PeriphClockCmd  stm32f10x_rcc.o
    0x08001a38   0x08001a38   0x000000d4   Code   RO         2038    i.RCC_GetClocksFreq  stm32f10x_rcc.o
    0x08001b0c   0x08001b0c   0x00000002   Code   RO          176    i.SVC_Handler       stm32f10x_it.o
    0x08001b0e   0x08001b0e   0x0000001c   Code   RO         3695    i.Send_Motor_ArrayU8  bsp_motor_usart.o
    0x08001b2a   0x08001b2a   0x00000002   PAD
    0x08001b2c   0x08001b2c   0x00000020   Code   RO         3696    i.Send_Motor_U8     bsp_motor_usart.o
    0x08001b4c   0x08001b4c   0x000000a0   Code   RO         3967    i.Servo_Init        servo_sg90.o
    0x08001bec   0x08001bec   0x0000005c   Code   RO         3968    i.Servo_Set_Angle   servo_sg90.o
    0x08001c48   0x08001c48   0x00000008   Code   RO          409    i.SetSysClock       system_stm32f10x.o
    0x08001c50   0x08001c50   0x000000e0   Code   RO          410    i.SetSysClockTo72   system_stm32f10x.o
    0x08001d30   0x08001d30   0x00000028   Code   RO          465    i.SysTick_CLKSourceConfig  misc.o
    0x08001d58   0x08001d58   0x00000002   Code   RO          177    i.SysTick_Handler   stm32f10x_it.o
    0x08001d5a   0x08001d5a   0x00000002   PAD
    0x08001d5c   0x08001d5c   0x00000060   Code   RO          412    i.SystemInit        system_stm32f10x.o
    0x08001dbc   0x08001dbc   0x0000004c   Code   RO         3565    i.TIM3_IRQHandler   bsp_timer.o
    0x08001e08   0x08001e08   0x00000060   Code   RO         3566    i.TIM3_Init         bsp_timer.o
    0x08001e68   0x08001e68   0x00000006   Code   RO         2656    i.TIM_ClearFlag     stm32f10x_tim.o
    0x08001e6e   0x08001e6e   0x00000006   Code   RO         2657    i.TIM_ClearITPendingBit  stm32f10x_tim.o
    0x08001e74   0x08001e74   0x00000018   Code   RO         2662    i.TIM_Cmd           stm32f10x_tim.o
    0x08001e8c   0x08001e8c   0x00000022   Code   RO         2683    i.TIM_GetITStatus   stm32f10x_tim.o
    0x08001eae   0x08001eae   0x00000012   Code   RO         2687    i.TIM_ITConfig      stm32f10x_tim.o
    0x08001ec0   0x08001ec0   0x000000a0   Code   RO         2701    i.TIM_OC3Init       stm32f10x_tim.o
    0x08001f60   0x08001f60   0x00000012   Code   RO         2704    i.TIM_OC3PreloadConfig  stm32f10x_tim.o
    0x08001f72   0x08001f72   0x00000002   PAD
    0x08001f74   0x08001f74   0x0000007c   Code   RO         2706    i.TIM_OC4Init       stm32f10x_tim.o
    0x08001ff0   0x08001ff0   0x0000001a   Code   RO         2708    i.TIM_OC4PreloadConfig  stm32f10x_tim.o
    0x0800200a   0x0800200a   0x00000004   Code   RO         2725    i.TIM_SetCompare3   stm32f10x_tim.o
    0x0800200e   0x0800200e   0x00000006   Code   RO         2726    i.TIM_SetCompare4   stm32f10x_tim.o
    0x08002014   0x08002014   0x000000a4   Code   RO         2733    i.TIM_TimeBaseInit  stm32f10x_tim.o
    0x080020b8   0x080020b8   0x00000084   Code   RO         3497    i.USART1_IRQHandler  usart.o
    0x0800213c   0x0800213c   0x00000028   Code   RO         3697    i.USART2_IRQHandler  bsp_motor_usart.o
    0x08002164   0x08002164   0x0000008c   Code   RO         3728    i.USART3_IRQHandler  usart3.o
    0x080021f0   0x080021f0   0x00000024   Code   RO         3941    i.USART3_Rx_Callback  pc_command_parser.o
    0x08002214   0x08002214   0x0000001e   Code   RO         3195    i.USART_ClearITPendingBit  stm32f10x_usart.o
    0x08002232   0x08002232   0x00000018   Code   RO         3198    i.USART_Cmd         stm32f10x_usart.o
    0x0800224a   0x0800224a   0x0000001a   Code   RO         3201    i.USART_GetFlagStatus  stm32f10x_usart.o
    0x08002264   0x08002264   0x00000054   Code   RO         3202    i.USART_GetITStatus  stm32f10x_usart.o
    0x080022b8   0x080022b8   0x0000004a   Code   RO         3204    i.USART_ITConfig    stm32f10x_usart.o
    0x08002302   0x08002302   0x00000002   PAD
    0x08002304   0x08002304   0x000000d8   Code   RO         3205    i.USART_Init        stm32f10x_usart.o
    0x080023dc   0x080023dc   0x0000000a   Code   RO         3212    i.USART_ReceiveData  stm32f10x_usart.o
    0x080023e6   0x080023e6   0x00000008   Code   RO         3215    i.USART_SendData    stm32f10x_usart.o
    0x080023ee   0x080023ee   0x00000004   Code   RO          178    i.UsageFault_Handler  stm32f10x_it.o
    0x080023f2   0x080023f2   0x00000002   PAD
    0x080023f4   0x080023f4   0x00000020   Code   RO         4245    i.__0printf         mc_w.l(printfa.o)
    0x08002414   0x08002414   0x00000028   Code   RO         4247    i.__0sprintf        mc_w.l(printfa.o)
    0x0800243c   0x0800243c   0x00000008   Code   RO         4341    i.__aeabi_errno_addr  mc_w.l(errno.o)
    0x08002444   0x08002444   0x0000000c   Code   RO         4342    i.__read_errno      mc_w.l(errno.o)
    0x08002450   0x08002450   0x0000000e   Code   RO         4410    i.__scatterload_copy  mc_w.l(handlers.o)
    0x0800245e   0x0800245e   0x00000002   Code   RO         4411    i.__scatterload_null  mc_w.l(handlers.o)
    0x08002460   0x08002460   0x0000000e   Code   RO         4412    i.__scatterload_zeroinit  mc_w.l(handlers.o)
    0x0800246e   0x0800246e   0x00000002   PAD
    0x08002470   0x08002470   0x0000000c   Code   RO         4343    i.__set_errno       mc_w.l(errno.o)
    0x0800247c   0x0800247c   0x00000184   Code   RO         4252    i._fp_digits        mc_w.l(printfa.o)
    0x08002600   0x08002600   0x0000000e   Code   RO         4279    i._is_digit         mc_w.l(scanf_fp.o)
    0x0800260e   0x0800260e   0x00000002   PAD
    0x08002610   0x08002610   0x000006dc   Code   RO         4253    i._printf_core      mc_w.l(printfa.o)
    0x08002cec   0x08002cec   0x00000024   Code   RO         4254    i._printf_post_padding  mc_w.l(printfa.o)
    0x08002d10   0x08002d10   0x0000002e   Code   RO         4255    i._printf_pre_padding  mc_w.l(printfa.o)
    0x08002d3e   0x08002d3e   0x0000000a   Code   RO         4257    i._sputc            mc_w.l(printfa.o)
    0x08002d48   0x08002d48   0x0000002a   Code   RO         3986    i.atof              m_ws.l(atof.o)
    0x08002d72   0x08002d72   0x00000016   Code   RO         3456    i.bsp_init          bsp.o
    0x08002d88   0x08002d88   0x0000004c   Code   RO         3428    i.delay_init        delay.o
    0x08002dd4   0x08002dd4   0x0000003c   Code   RO         3429    i.delay_ms          delay.o
    0x08002e10   0x08002e10   0x0000001c   Code   RO         3501    i.fputc             usart.o
    0x08002e2c   0x08002e2c   0x0000000c   Code   RO          245    i.get_control_mode  mode_choose.o
    0x08002e38   0x08002e38   0x00000244   Code   RO         3502    i.hmi_command_poll  usart.o
    0x0800307c   0x0800307c   0x00000058   Code   RO            1    i.main              main.o
    0x080030d4   0x080030d4   0x00000228   Code   RO          233    i.master_init       init.o
    0x080032fc   0x080032fc   0x0000000c   Code   RO          246    i.mode_init         mode_choose.o
    0x08003308   0x08003308   0x0000001a   Code   RO          274    i.motor_backward    motor_control.o
    0x08003322   0x08003322   0x00000002   PAD
    0x08003324   0x08003324   0x00000044   Code   RO          275    i.motor_cancel_turn  motor_control.o
    0x08003368   0x08003368   0x00000012   Code   RO          276    i.motor_forward     motor_control.o
    0x0800337a   0x0800337a   0x00000002   PAD
    0x0800337c   0x0800337c   0x00000090   Code   RO          278    i.motor_set_turn_pid_params  motor_control.o
    0x0800340c   0x0800340c   0x00000010   Code   RO          279    i.motor_stop        motor_control.o
    0x0800341c   0x0800341c   0x00000018   Code   RO          280    i.motor_turn_left   motor_control.o
    0x08003434   0x08003434   0x0000005c   Code   RO          281    i.motor_turn_left_90_precise  motor_control.o
    0x08003490   0x08003490   0x00000018   Code   RO          282    i.motor_turn_right  motor_control.o
    0x080034a8   0x080034a8   0x0000005c   Code   RO          283    i.motor_turn_right_90_precise  motor_control.o
    0x08003504   0x08003504   0x00000014   Code   RO          285    i.reset_turn_pid    motor_control.o
    0x08003518   0x08003518   0x00000138   Code   RO         3942    i.ros_command_poll  pc_command_parser.o
    0x08003650   0x08003650   0x00000034   Code   RO         3611    i.send_motor_deadzone  app_motor_usart.o
    0x08003684   0x08003684   0x00000030   Code   RO         3612    i.send_motor_type   app_motor_usart.o
    0x080036b4   0x080036b4   0x00000030   Code   RO         3613    i.send_pulse_line   app_motor_usart.o
    0x080036e4   0x080036e4   0x00000030   Code   RO         3614    i.send_pulse_phase  app_motor_usart.o
    0x08003714   0x08003714   0x00000040   Code   RO         3615    i.send_upload_data  app_motor_usart.o
    0x08003754   0x08003754   0x00000044   Code   RO         3616    i.send_wheel_diameter  app_motor_usart.o
    0x08003798   0x08003798   0x00000074   Code   RO          247    i.set_control_mode  mode_choose.o
    0x0800380c   0x0800380c   0x00000036   Code   RO         3617    i.splitString       app_motor_usart.o
    0x08003842   0x08003842   0x00000002   PAD
    0x08003844   0x08003844   0x000000d0   Code   RO         3737    i.uart3_init        usart3.o
    0x08003914   0x08003914   0x000000a0   Code   RO         3503    i.uart_init         usart.o
    0x080039b4   0x080039b4   0x00000064   Code   RO         3943    i.unpack_velocity   pc_command_parser.o
    0x08003a18   0x08003a18   0x00000081   Data   RO         4374    .constdata          mc_w.l(ctype_o.o)
    0x08003a99   0x08003a99   0x00000003   PAD
    0x08003a9c   0x08003a9c   0x00000004   Data   RO         4375    .constdata          mc_w.l(ctype_o.o)
    0x08003aa0   0x08003aa0   0x00000087   Data   RO          287    .conststring        motor_control.o
    0x08003b27   0x08003b27   0x00000001   PAD
    0x08003b28   0x08003b28   0x00000020   Data   RO         4408    Region$$Table       anon$$obj.o


    Execution Region RW_IRAM1 (Exec base: 0x20000000, Load base: 0x08003b48, Size: 0x000007c0, Max: 0x00005000, ABSOLUTE)

    Exec Addr    Load Addr    Size         Type   Attr      Idx    E Section Name        Object

    0x20000000   0x08003b48   0x00000004   Data   RW            2    .data               main.o
    0x20000004   0x08003b4c   0x00000001   Data   RW          248    .data               mode_choose.o
    0x20000005   0x08003b4d   0x00000003   PAD
    0x20000008   0x08003b50   0x00000034   Data   RW          288    .data               motor_control.o
    0x2000003c   0x08003b84   0x00000014   Data   RW          413    .data               system_stm32f10x.o
    0x20000050   0x08003b98   0x00000014   Data   RW         2058    .data               stm32f10x_rcc.o
    0x20000064   0x08003bac   0x00000004   Data   RW         3431    .data               delay.o
    0x20000068   0x08003bb0   0x0000000a   Data   RW         3505    .data               usart.o
    0x20000072   0x08003bba   0x00000002   PAD
    0x20000074   0x08003bbc   0x0000000a   Data   RW         3569    .data               bsp_timer.o
    0x2000007e   0x08003bc6   0x00000003   Data   RW         3619    .data               app_motor_usart.o
    0x20000081   0x08003bc9   0x00000001   PAD
    0x20000082   0x08003bca   0x00000005   Data   RW         3739    .data               usart3.o
    0x20000087   0x08003bcf   0x00000001   Data   RW         3945    .data               pc_command_parser.o
    0x20000088   0x08003bd0   0x00000004   Data   RW         4005    .data               mc_w.l(strtok.o)
    0x2000008c   0x08003bd4   0x00000004   Data   RW         4344    .data               mc_w.l(errno.o)
    0x20000090        -       0x00000010   Zero   RW          286    .bss                motor_control.o
    0x200000a0        -       0x00000064   Zero   RW         3504    .bss                usart.o
    0x20000104        -       0x00000190   Zero   RW         3618    .bss                app_motor_usart.o
    0x20000294        -       0x00000113   Zero   RW         3738    .bss                usart3.o
    0x200003a7        -       0x00000013   Zero   RW         3944    .bss                pc_command_parser.o
    0x200003ba   0x08003bd8   0x00000006   PAD
    0x200003c0        -       0x00000400   Zero   RW          454    STACK               startup_stm32f10x_hd.o


==============================================================================

Image component sizes


      Code (inc. data)   RO Data    RW Data    ZI Data      Debug   Object Name

      1106        242          0          3        400       9743   app_motor_usart.o
        62          8          0          0          0       1082   bsp.o
       268         20          0          0          0       2968   bsp_motor_usart.o
       172         22          0         10          0       1852   bsp_timer.o
         0          0          0          0          0         32   core_cm3.o
       136         20          0          4          0       1364   delay.o
       284         34          0          0          0       3357   gpio_control.o
       552        350          0          0          0        598   init.o
        88         14          0          4          0     252971   main.o
       152         12          0          0          0       1642   misc.o
       140         88          0          1          0       1770   mode_choose.o
       524        166        135         52         16       6794   motor_control.o
       448         24          0          1         19       3492   pc_command_parser.o
       252         16          0          0          0       1383   servo_sg90.o
        36          8        304          0       1024        832   startup_stm32f10x_hd.o
       286          0          0          0          0       3164   stm32f10x_gpio.o
        26          0          0          0          0       4206   stm32f10x_it.o
       276         32          0         20          0       4626   stm32f10x_rcc.o
       590         62          0          0          0       8216   stm32f10x_tim.o
       472          6          0          0          0       7111   stm32f10x_usart.o
       328         28          0         20          0       2461   system_stm32f10x.o
       900        214          0         10        100       5201   usart.o
       348         56          0          5        275       2281   usart3.o

    ----------------------------------------------------------------------
      7468       1422        472        136       1840     327146   Object Totals
         0          0         32          0          0          0   (incl. Generated)
        22          0          1          6          6          0   (incl. Padding)

    ----------------------------------------------------------------------

      Code (inc. data)   RO Data    RW Data    ZI Data      Debug   Library Member Name

        42          0          0          0          0         84   atof.o
        56          8          0          0          0         84   __0sscanf.o
        28          0          0          0          0         68   _chval.o
       812          4          0          0          0        112   _scanf.o
       332          0          0          0          0         96   _scanf_int.o
        64          0          0          0          0         84   _sgetc.o
       158          0          0          0          0         92   _strtoul.o
        26          0          0          0          0         80   atoi.o
         8          4        133          0          0         68   ctype_o.o
         0          0          0          0          0          0   entry.o
         0          0          0          0          0          0   entry10a.o
         0          0          0          0          0          0   entry11a.o
         8          4          0          0          0          0   entry2.o
         4          0          0          0          0          0   entry5.o
         0          0          0          0          0          0   entry7b.o
         0          0          0          0          0          0   entry8b.o
         8          4          0          0          0          0   entry9a.o
        32         16          0          4          0        204   errno.o
        30          0          0          0          0          0   handlers.o
        36          8          0          0          0         68   init.o
        18          0          0          0          0         76   isspace_o.o
         0          0          0          0          0          0   iusefp.o
        30          0          0          0          0         68   llshl.o
        36          0          0          0          0         68   llsshr.o
        32          0          0          0          0         68   llushr.o
        36          0          0          0          0         68   memcpya.o
        36          0          0          0          0        108   memseta.o
      2308         96          0          0          0        604   printfa.o
        40          8          0          0          0         84   scanf_char.o
       878         12          0          0          0        216   scanf_fp.o
        28          0          0          0          0         76   strcmp.o
        18          0          0          0          0         68   strcpy.o
        14          0          0          0          0         68   strlen.o
        30          0          0          0          0         80   strncmp.o
       156         12          0          0          0        120   strtod.o
        68          6          0          4          0         80   strtok.o
       112          0          0          0          0         88   strtol.o
        44          0          0          0          0         80   uidiv.o
        98          0          0          0          0         92   uldiv.o
        48          0          0          0          0         68   cdrcmple.o
        56          0          0          0          0         88   d2f.o
       334          0          0          0          0        148   dadd.o
       222          0          0          0          0        100   ddiv.o
       186          0          0          0          0        176   depilogue.o
        62          0          0          0          0         80   dfixi.o
        50          0          0          0          0         76   dfixui.o
        48          0          0          0          0         68   dfixul.o
        34          0          0          0          0         76   dflti.o
        26          0          0          0          0         76   dfltui.o
        24          0          0          0          0         76   dfltul.o
       228          0          0          0          0         96   dmul.o
        38          0          0          0          0         68   f2d.o
       110          0          0          0          0        168   fepilogue.o

    ----------------------------------------------------------------------
      7100        182        136          8          0       4516   Library Totals
         8          0          3          0          0          0   (incl. Padding)

    ----------------------------------------------------------------------

      Code (inc. data)   RO Data    RW Data    ZI Data      Debug   Library Name

        42          0          0          0          0         84   m_ws.l
      5584        182        133          8          0       3068   mc_w.l
      1466          0          0          0          0       1364   mf_w.l

    ----------------------------------------------------------------------
      7100        182        136          8          0       4516   Library Totals

    ----------------------------------------------------------------------

==============================================================================


      Code (inc. data)   RO Data    RW Data    ZI Data      Debug   

     14568       1604        608        144       1840     324690   Grand Totals
     14568       1604        608        144       1840     324690   ELF Image Totals
     14568       1604        608        144          0          0   ROM Totals

==============================================================================

    Total RO  Size (Code + RO Data)                15176 (  14.82kB)
    Total RW  Size (RW Data + ZI Data)              1984 (   1.94kB)
    Total ROM Size (Code + RO Data + RW Data)      15320 (  14.96kB)

==============================================================================

